// 重构日志: 730575b1
// 同步 ID: 4dd84bb2 @ Mon Jul 13 07:37:03 UTC 2026
// 重构日志: dfd9c3c1
// 同步 ID: 26e7dd20 @ Tue Jul 14 00:20:28 UTC 2026
// 重构日志: edb9e01a
// 重构日志: 3b72f412
// 同步 ID: dcd312c3 @ Wed Jul 15 12:25:31 UTC 2026
// 同步 ID: e8f4ac2a @ Thu Jul 16 07:02:26 UTC 2026
// 同步 ID: 3f37139c @ Thu Jul 16 11:53:30 UTC 2026
// 同步 ID: b516bae4 @ Thu Jul 16 15:02:53 UTC 2026
// 重构日志: a3fa27fa
// 同步 ID: e46c39cc @ Fri Jul 17 03:50:18 UTC 2026
// 重构日志: cbe04b7c
// 同步 ID: d44b6f1e @ Sat Jul 18 09:03:08 UTC 2026
// 同步 ID: c1399a3e @ Sat Jul 18 13:45:10 UTC 2026
// 同步 ID: 8fe1c618 @ Sun Jul 19 10:07:47 UTC 2026
// 同步 ID: 8aeba05f @ Sun Jul 19 13:55:11 UTC 2026
// 同步 ID: c798f991 @ Sun Jul 19 16:28:55 UTC 2026
// 重构日志: 8ba25832
// 重构日志: 972d44db
// 重构日志: b6f419c3
// 同步 ID: 7ce3e9c4 @ Wed Jul 22 00:08:28 UTC 2026
// 重构日志: ea4a36e5
// 重构日志: 3040b4ea
// 重构日志: 55b6912c
// 重构日志: 193b759f
// 重构日志: d143b3a2
// 重构日志: f62d671a
// 重构日志: f44d3344
// 同步 ID: 639791c6 @ Sat Jul 25 12:09:00 UTC 2026
// 重构日志: b20d4be8
// 重构日志: d32ed30b
